\BOOKMARK [0][-]{section*.1}{\376\377\000R\000e\000s\000u\000m\000e\000n}{}% 1
\BOOKMARK [0][-]{section*.3}{\376\377\000A\000b\000s\000t\000r\000a\000c\000t}{}% 2
\BOOKMARK [0][-]{section*.6}{\376\377\000L\000i\000s\000t\000\040\000o\000f\000\040\000F\000i\000g\000u\000r\000e\000s}{}% 3
\BOOKMARK [0][-]{section*.8}{\376\377\000L\000i\000s\000t\000\040\000o\000f\000\040\000T\000a\000b\000l\000e\000s}{}% 4
\BOOKMARK [0][-]{chapter.1}{\376\377\000A\000n\000t\000e\000c\000e\000d\000e\000n\000t\000e\000s}{}% 5
\BOOKMARK [1][-]{section*.10}{\376\377\000T\000e\000m\000a\000\040\000d\000e\000\040\000p\000r\000o\000y\000e\000c\000t\000o}{chapter.1}% 6
\BOOKMARK [1][-]{section.1.1}{\376\377\000C\000o\000n\000t\000e\000x\000t\000o\000\040\000d\000e\000l\000\040\000p\000r\000o\000b\000l\000e\000m\000a}{chapter.1}% 7
\BOOKMARK [1][-]{section.1.2}{\376\377\000G\000e\000s\000t\000i\000\363\000n\000\040\000d\000e\000\040\000h\000i\000s\000t\000o\000r\000i\000a\000l\000e\000s\000\040\000m\000\351\000d\000i\000c\000o\000s}{chapter.1}% 8
\BOOKMARK [1][-]{section.1.3}{\376\377\000I\000n\000t\000e\000l\000i\000g\000e\000n\000c\000i\000a\000\040\000A\000r\000t\000i\000f\000i\000c\000i\000a\000l\000\040\000e\000n\000\040\000l\000a\000\040\000m\000e\000d\000i\000c\000i\000n\000a\000\040\000p\000r\000e\000v\000e\000n\000t\000i\000v\000a}{chapter.1}% 9
\BOOKMARK [1][-]{section.1.4}{\376\377\000T\000e\000c\000n\000o\000l\000o\000g\000\355\000a\000s\000\040\000d\000e\000\040\000v\000i\000r\000t\000u\000a\000l\000i\000z\000a\000c\000i\000\363\000n\000\040\000e\000n\000\040\000d\000e\000s\000a\000r\000r\000o\000l\000l\000o\000\040\000d\000e\000\040\000s\000o\000f\000t\000w\000a\000r\000e}{chapter.1}% 10
\BOOKMARK [1][-]{section.1.5}{\376\377\000N\000e\000c\000e\000s\000i\000d\000a\000d\000\040\000d\000e\000l\000\040\000p\000r\000o\000y\000e\000c\000t\000o}{chapter.1}% 11
\BOOKMARK [0][-]{chapter.2}{\376\377\000M\000a\000r\000c\000o\000\040\000T\000e\000\363\000r\000i\000c\000o}{}% 12
\BOOKMARK [1][-]{section.2.1}{\376\377\000D\000i\000a\000b\000e\000t\000e\000s\000\040\000m\000e\000l\000l\000i\000t\000u\000s\000:\000\040\000c\000o\000n\000t\000e\000x\000t\000o\000\040\000e\000p\000i\000d\000e\000m\000i\000o\000l\000\363\000g\000i\000c\000o}{chapter.2}% 13
\BOOKMARK [2][-]{subsection.2.1.1}{\376\377\000D\000e\000f\000i\000n\000i\000c\000i\000\363\000n\000\040\000y\000\040\000c\000l\000a\000s\000i\000f\000i\000c\000a\000c\000i\000\363\000n}{section.2.1}% 14
\BOOKMARK [2][-]{subsection.2.1.2}{\376\377\000F\000a\000c\000t\000o\000r\000e\000s\000\040\000d\000e\000\040\000r\000i\000e\000s\000g\000o}{section.2.1}% 15
\BOOKMARK [2][-]{subsection.2.1.3}{\376\377\000I\000m\000p\000a\000c\000t\000o\000\040\000g\000l\000o\000b\000a\000l}{section.2.1}% 16
\BOOKMARK [1][-]{section.2.2}{\376\377\000M\000a\000c\000h\000i\000n\000e\000\040\000L\000e\000a\000r\000n\000i\000n\000g\000\040\000e\000n\000\040\000s\000a\000l\000u\000d}{chapter.2}% 17
\BOOKMARK [2][-]{subsection.2.2.1}{\376\377\000D\000e\000f\000i\000n\000i\000c\000i\000\363\000n\000\040\000y\000\040\000f\000u\000n\000d\000a\000m\000e\000n\000t\000o\000s}{section.2.2}% 18
\BOOKMARK [2][-]{subsection.2.2.2}{\376\377\000A\000l\000g\000o\000r\000i\000t\000m\000o\000s\000\040\000d\000e\000\040\000c\000l\000a\000s\000i\000f\000i\000c\000a\000c\000i\000\363\000n\000\040\000a\000p\000l\000i\000c\000a\000b\000l\000e\000s}{section.2.2}% 19
\BOOKMARK [2][-]{subsection.2.2.3}{\376\377\000M\000\351\000t\000r\000i\000c\000a\000s\000\040\000d\000e\000\040\000e\000v\000a\000l\000u\000a\000c\000i\000\363\000n}{section.2.2}% 20
\BOOKMARK [2][-]{subsection.2.2.4}{\376\377\000A\000p\000l\000i\000c\000a\000c\000i\000o\000n\000e\000s\000\040\000d\000e\000l\000\040\000M\000L\000\040\000e\000n\000\040\000m\000e\000d\000i\000c\000i\000n\000a}{section.2.2}% 21
\BOOKMARK [1][-]{section.2.3}{\376\377\000A\000r\000q\000u\000i\000t\000e\000c\000t\000u\000r\000a\000s\000\040\000d\000e\000\040\000s\000o\000f\000t\000w\000a\000r\000e\000\040\000m\000o\000d\000e\000r\000n\000a\000s}{chapter.2}% 22
\BOOKMARK [2][-]{subsection.2.3.1}{\376\377\000A\000r\000q\000u\000i\000t\000e\000c\000t\000u\000r\000a\000\040\000c\000l\000i\000e\000n\000t\000e\000-\000s\000e\000r\000v\000i\000d\000o\000r\000\040\000y\000\040\000A\000P\000I\000\040\000R\000E\000S\000T}{section.2.3}% 23
\BOOKMARK [2][-]{subsection.2.3.2}{\376\377\000N\000e\000x\000t\000.\000j\000s\000\040\000y\000\040\000S\000e\000r\000v\000e\000r\000-\000S\000i\000d\000e\000\040\000R\000e\000n\000d\000e\000r\000i\000n\000g}{section.2.3}% 24
\BOOKMARK [2][-]{subsection.2.3.3}{\376\377\000P\000r\000o\000g\000r\000e\000s\000s\000i\000v\000e\000\040\000W\000e\000b\000\040\000A\000p\000p\000s\000\040\000\050\000P\000W\000A\000\051}{section.2.3}% 25
\BOOKMARK [2][-]{subsection.2.3.4}{\376\377\000B\000a\000s\000e\000\040\000d\000e\000\040\000d\000a\000t\000o\000s\000\040\000r\000e\000l\000a\000c\000i\000o\000n\000a\000l\000\040\000y\000\040\000O\000R\000M}{section.2.3}% 26
\BOOKMARK [1][-]{section.2.4}{\376\377\000S\000e\000g\000u\000r\000i\000d\000a\000d\000\040\000e\000n\000\040\000s\000i\000s\000t\000e\000m\000a\000s\000\040\000d\000e\000\040\000s\000a\000l\000u\000d\000\040\000d\000i\000g\000i\000t\000a\000l}{chapter.2}% 27
\BOOKMARK [2][-]{subsection.2.4.1}{\376\377\000I\000m\000p\000o\000r\000t\000a\000n\000c\000i\000a\000\040\000d\000e\000\040\000l\000a\000\040\000s\000e\000g\000u\000r\000i\000d\000a\000d\000\040\000e\000n\000\040\000d\000a\000t\000o\000s\000\040\000m\000\351\000d\000i\000c\000o\000s}{section.2.4}% 28
\BOOKMARK [2][-]{subsection.2.4.2}{\376\377\000A\000u\000t\000e\000n\000t\000i\000c\000a\000c\000i\000\363\000n\000\040\000c\000o\000n\000\040\000J\000W\000T}{section.2.4}% 29
\BOOKMARK [2][-]{subsection.2.4.3}{\376\377\000C\000o\000n\000t\000r\000o\000l\000\040\000d\000e\000\040\000a\000c\000c\000e\000s\000o\000\040\000b\000a\000s\000a\000d\000o\000\040\000e\000n\000\040\000r\000o\000l\000e\000s\000\040\000\050\000R\000B\000A\000C\000\051}{section.2.4}% 30
\BOOKMARK [2][-]{subsection.2.4.4}{\376\377\000A\000u\000d\000i\000t\000o\000r\000\355\000a\000\040\000y\000\040\000t\000r\000a\000z\000a\000b\000i\000l\000i\000d\000a\000d}{section.2.4}% 31
\BOOKMARK [1][-]{section.2.5}{\376\377\000T\000e\000c\000n\000o\000l\000o\000g\000\355\000a\000s\000\040\000c\000o\000m\000p\000l\000e\000m\000e\000n\000t\000a\000r\000i\000a\000s}{chapter.2}% 32
\BOOKMARK [2][-]{subsection.2.5.1}{\376\377\000R\000e\000c\000o\000n\000o\000c\000i\000m\000i\000e\000n\000t\000o\000\040\000d\000e\000\040\000v\000o\000z\000\040\000\050\000W\000e\000b\000\040\000S\000p\000e\000e\000c\000h\000\040\000A\000P\000I\000\051}{section.2.5}% 33
\BOOKMARK [2][-]{subsection.2.5.2}{\376\377\000T\000y\000p\000e\000S\000c\000r\000i\000p\000t\000\040\000y\000\040\000v\000a\000l\000i\000d\000a\000c\000i\000\363\000n\000\040\000c\000o\000n\000\040\000Z\000o\000d}{section.2.5}% 34
\BOOKMARK [2][-]{subsection.2.5.3}{\376\377\000D\000a\000s\000h\000b\000o\000a\000r\000d\000\040\000m\000\351\000d\000i\000c\000o\000\040\000i\000n\000t\000e\000r\000a\000c\000t\000i\000v\000o}{section.2.5}% 35
\BOOKMARK [1][-]{section.2.6}{\376\377\000I\000n\000t\000e\000g\000r\000a\000c\000i\000\363\000n\000\040\000d\000e\000l\000\040\000m\000o\000d\000e\000l\000o\000\040\000d\000e\000\040\000p\000r\000e\000d\000i\000c\000c\000i\000\363\000n\000\040\000e\000n\000\040\000e\000l\000\040\000s\000i\000s\000t\000e\000m\000a}{chapter.2}% 36
\BOOKMARK [1][-]{section.2.7}{\376\377\000R\000e\000s\000u\000m\000e\000n\000\040\000d\000e\000l\000\040\000m\000a\000r\000c\000o\000\040\000c\000o\000n\000c\000e\000p\000t\000u\000a\000l}{chapter.2}% 37
\BOOKMARK [0][-]{chapter.3}{\376\377\000D\000e\000f\000i\000n\000i\000c\000i\000\363\000n\000\040\000d\000e\000l\000\040\000p\000r\000o\000y\000e\000c\000t\000o}{}% 38
\BOOKMARK [1][-]{section.3.1}{\376\377\000P\000l\000a\000n\000t\000e\000a\000m\000i\000e\000n\000t\000o\000\040\000d\000e\000l\000\040\000p\000r\000o\000b\000l\000e\000m\000a}{chapter.3}% 39
\BOOKMARK [1][-]{section.3.2}{\376\377\000J\000u\000s\000t\000i\000f\000i\000c\000a\000c\000i\000\363\000n}{chapter.3}% 40
\BOOKMARK [2][-]{subsection.3.2.1}{\376\377\000I\000m\000p\000a\000c\000t\000o\000\040\000e\000n\000\040\000s\000a\000l\000u\000d\000\040\000p\000\372\000b\000l\000i\000c\000a}{section.3.2}% 41
\BOOKMARK [2][-]{subsection.3.2.2}{\376\377\000V\000a\000l\000i\000d\000a\000c\000i\000\363\000n\000\040\000d\000e\000\040\000n\000e\000c\000e\000s\000i\000d\000a\000d\000\040\000p\000o\000r\000\040\000u\000s\000u\000a\000r\000i\000o\000s}{section.3.2}% 42
\BOOKMARK [2][-]{subsection.3.2.3}{\376\377\000V\000i\000a\000b\000i\000l\000i\000d\000a\000d\000\040\000t\000\351\000c\000n\000i\000c\000a\000\040\000d\000e\000m\000o\000s\000t\000r\000a\000d\000a}{section.3.2}% 43
\BOOKMARK [2][-]{subsection.3.2.4}{\376\377\000V\000i\000a\000b\000i\000l\000i\000d\000a\000d\000\040\000e\000c\000o\000n\000\363\000m\000i\000c\000a\000\040\000f\000a\000v\000o\000r\000a\000b\000l\000e}{section.3.2}% 44
\BOOKMARK [2][-]{subsection.3.2.5}{\376\377\000M\000a\000r\000c\000o\000\040\000r\000e\000g\000u\000l\000a\000t\000o\000r\000i\000o\000\040\000f\000a\000v\000o\000r\000a\000b\000l\000e}{section.3.2}% 45
\BOOKMARK [2][-]{subsection.3.2.6}{\376\377\000C\000i\000e\000r\000r\000e\000\040\000d\000e\000\040\000b\000r\000e\000c\000h\000a\000\040\000e\000n\000t\000r\000e\000\040\000i\000n\000v\000e\000s\000t\000i\000g\000a\000c\000i\000\363\000n\000\040\000y\000\040\000p\000r\000\341\000c\000t\000i\000c\000a}{section.3.2}% 46
\BOOKMARK [2][-]{subsection.3.2.7}{\376\377\000A\000l\000i\000n\000e\000a\000c\000i\000\363\000n\000\040\000c\000o\000n\000\040\000t\000e\000n\000d\000e\000n\000c\000i\000a\000s\000\040\000g\000l\000o\000b\000a\000l\000e\000s}{section.3.2}% 47
\BOOKMARK [1][-]{section.3.3}{\376\377\000A\000l\000c\000a\000n\000c\000e\000s\000\040\000y\000\040\000r\000e\000s\000t\000r\000i\000c\000c\000i\000o\000n\000e\000s}{chapter.3}% 48
\BOOKMARK [2][-]{subsection.3.3.1}{\376\377\000A\000l\000c\000a\000n\000c\000e\000s}{section.3.3}% 49
\BOOKMARK [2][-]{subsection.3.3.2}{\376\377\000R\000e\000s\000t\000r\000i\000c\000c\000i\000o\000n\000e\000s}{section.3.3}% 50
\BOOKMARK [1][-]{section.3.4}{\376\377\000O\000b\000j\000e\000t\000i\000v\000o\000\040\000g\000e\000n\000e\000r\000a\000l}{chapter.3}% 51
\BOOKMARK [1][-]{section.3.5}{\376\377\000O\000b\000j\000e\000t\000i\000v\000o\000s\000\040\000e\000s\000p\000e\000c\000\355\000f\000i\000c\000o\000s}{chapter.3}% 52
\BOOKMARK [0][-]{chapter.4}{\376\377\000D\000e\000s\000a\000r\000r\000o\000l\000l\000o\000\040\000d\000e\000l\000\040\000p\000r\000o\000y\000e\000c\000t\000o}{}% 53
\BOOKMARK [1][-]{section.4.1}{\376\377\000D\000e\000s\000a\000r\000r\000o\000l\000l\000o\000\040\000d\000e\000\040\000l\000a\000s\000\040\000e\000t\000a\000p\000a\000s}{chapter.4}% 54
\BOOKMARK [2][-]{subsection.4.1.1}{\376\377\000P\000r\000i\000m\000e\000r\000a\000\040\000e\000t\000a\000p\000a}{section.4.1}% 55
\BOOKMARK [2][-]{subsection.4.1.2}{\376\377\000S\000e\000g\000u\000n\000d\000a\000\040\000e\000t\000a\000p\000a}{section.4.1}% 56
\BOOKMARK [1][-]{section.4.2}{\376\377\000A\000n\000\341\000l\000i\000s\000i\000s\000\040\000d\000e\000\040\000l\000o\000s\000\040\000r\000e\000s\000u\000l\000t\000a\000d\000o\000s}{chapter.4}% 57
\BOOKMARK [2][-]{subsection.4.2.1}{\376\377\000T\000e\000c\000n\000o\000l\000o\000g\000\355\000a\000s\000\040\000y\000\040\000a\000p\000l\000i\000c\000a\000c\000i\000o\000n\000e\000s\000\040\000e\000n\000\040\000I\000n\000t\000e\000r\000n\000e\000t}{section.4.2}% 58
\BOOKMARK [2][-]{subsection.4.2.2}{\376\377\000T\000e\000c\000n\000o\000l\000o\000g\000\355\000a\000s\000\040\000d\000e\000\040\000v\000i\000r\000t\000u\000a\000l\000i\000z\000a\000c\000i\000\363\000n}{section.4.2}% 59
\BOOKMARK [2][-]{subsection.4.2.3}{\376\377\000D\000i\000s\000e\000\361\000o\000\040\000d\000e\000\040\000i\000n\000t\000e\000r\000f\000a\000c\000e\000s}{section.4.2}% 60
\BOOKMARK [2][-]{subsection.4.2.4}{\376\377\000A\000d\000m\000i\000n\000i\000s\000t\000r\000a\000c\000i\000\363\000n\000\040\000d\000e\000\040\000p\000r\000o\000y\000e\000c\000t\000o\000s\000\040\000d\000e\000\040\000T\000I}{section.4.2}% 61
\BOOKMARK [2][-]{subsection.4.2.5}{\376\377\000A\000n\000\341\000l\000i\000s\000i\000s\000\040\000g\000l\000o\000b\000a\000l\000\040\000d\000e\000l\000\040\000s\000i\000s\000t\000e\000m\000a}{section.4.2}% 62
\BOOKMARK [0][-]{chapter.5}{\376\377\000C\000o\000n\000c\000l\000u\000s\000i\000o\000n\000e\000s}{}% 63
\BOOKMARK [0][-]{section*.35}{\376\377\000B\000i\000b\000l\000i\000o\000g\000r\000a\000f\000\355\000a}{}% 64
\BOOKMARK [0][-]{appendix.A}{\376\377\000A\000n\000e\000x\000o}{}% 65
