\BOOKMARK [0][-]{chapter*.1}{\376\377\000R\000e\000s\000u\000m\000e\000n}{}% 1
\BOOKMARK [0][-]{chapter*.2}{\376\377\000A\000B\000S\000T\000R\000A\000C\000T}{}% 2
\BOOKMARK [0][-]{chapter*.4}{\376\377\000T\000a\000b\000l\000a\000\040\000d\000e\000\040\000i\000l\000u\000s\000t\000r\000a\000c\000i\000o\000n\000e\000s}{}% 3
\BOOKMARK [0][-]{chapter.1}{\376\377\000A\000n\000t\000e\000c\000e\000d\000e\000n\000t\000e\000s}{}% 4
\BOOKMARK [1][-]{section.1.1}{\376\377\000T\000e\000m\000a\000\040\000d\000e\000l\000\040\000p\000r\000o\000y\000e\000c\000t\000o}{chapter.1}% 5
\BOOKMARK [1][-]{section.1.2}{\376\377\000C\000o\000n\000t\000e\000x\000t\000o\000\040\000c\000l\000\355\000n\000i\000c\000o\000\040\000y\000\040\000t\000e\000c\000n\000o\000l\000\363\000g\000i\000c\000o}{chapter.1}% 6
\BOOKMARK [1][-]{section.1.3}{\376\377\000S\000i\000t\000u\000a\000c\000i\000\363\000n\000\040\000p\000r\000e\000v\000i\000a\000\040\000d\000e\000\040\000P\000R\000E\000D\000I\000A}{chapter.1}% 7
\BOOKMARK [1][-]{section.1.4}{\376\377\000A\000n\000t\000e\000c\000e\000d\000e\000n\000t\000e\000\040\000d\000e\000\040\000r\000e\000q\000u\000i\000s\000i\000t\000o\000s\000\040\000m\000\363\000v\000i\000l\000e\000s}{chapter.1}% 8
\BOOKMARK [0][-]{chapter.2}{\376\377\000M\000a\000r\000c\000o\000\040\000t\000e\000\363\000r\000i\000c\000o}{}% 9
\BOOKMARK [1][-]{section.2.1}{\376\377\000S\000a\000l\000u\000d\000\040\000m\000\363\000v\000i\000l}{chapter.2}% 10
\BOOKMARK [1][-]{section.2.2}{\376\377\000E\000x\000p\000e\000d\000i\000e\000n\000t\000e\000\040\000c\000l\000\355\000n\000i\000c\000o\000\040\000y\000\040\000c\000o\000n\000t\000i\000n\000u\000i\000d\000a\000d\000\040\000d\000e\000\040\000a\000t\000e\000n\000c\000i\000\363\000n}{chapter.2}% 11
\BOOKMARK [1][-]{section.2.3}{\376\377\000R\000e\000a\000c\000t\000\040\000N\000a\000t\000i\000v\000e\000,\000\040\000E\000x\000p\000o\000\040\000y\000\040\000a\000r\000q\000u\000i\000t\000e\000c\000t\000u\000r\000a\000\040\000m\000\363\000v\000i\000l}{chapter.2}% 12
\BOOKMARK [1][-]{section.2.4}{\376\377\000U\000s\000a\000b\000i\000l\000i\000d\000a\000d\000\040\000e\000n\000\040\000s\000i\000s\000t\000e\000m\000a\000s\000\040\000c\000l\000\355\000n\000i\000c\000o\000s}{chapter.2}% 13
\BOOKMARK [1][-]{section.2.5}{\376\377\000I\000n\000t\000e\000l\000i\000g\000e\000n\000c\000i\000a\000\040\000A\000r\000t\000i\000f\000i\000c\000i\000a\000l\000\040\000c\000o\000m\000o\000\040\000a\000p\000o\000y\000o\000\040\000c\000l\000\355\000n\000i\000c\000o}{chapter.2}% 14
\BOOKMARK [0][-]{chapter.3}{\376\377\000D\000e\000f\000i\000n\000i\000c\000i\000\363\000n\000\040\000d\000e\000l\000\040\000p\000r\000o\000y\000e\000c\000t\000o}{}% 15
\BOOKMARK [1][-]{section.3.1}{\376\377\000P\000l\000a\000n\000t\000e\000a\000m\000i\000e\000n\000t\000o\000\040\000d\000e\000l\000\040\000p\000r\000o\000b\000l\000e\000m\000a}{chapter.3}% 16
\BOOKMARK [1][-]{section.3.2}{\376\377\000J\000u\000s\000t\000i\000f\000i\000c\000a\000c\000i\000\363\000n}{chapter.3}% 17
\BOOKMARK [2][-]{subsection.3.2.1}{\376\377\000V\000a\000l\000o\000r\000\040\000p\000a\000r\000a\000\040\000e\000l\000\040\000p\000a\000c\000i\000e\000n\000t\000e}{section.3.2}% 18
\BOOKMARK [2][-]{subsection.3.2.2}{\376\377\000V\000a\000l\000o\000r\000\040\000p\000a\000r\000a\000\040\000e\000l\000\040\000p\000e\000r\000s\000o\000n\000a\000l\000\040\000m\000\351\000d\000i\000c\000o}{section.3.2}% 19
\BOOKMARK [2][-]{subsection.3.2.3}{\376\377\000A\000p\000r\000o\000v\000e\000c\000h\000a\000m\000i\000e\000n\000t\000o\000\040\000d\000e\000\040\000c\000a\000p\000a\000c\000i\000d\000a\000d\000e\000s\000\040\000n\000a\000t\000i\000v\000a\000s}{section.3.2}% 20
\BOOKMARK [2][-]{subsection.3.2.4}{\376\377\000R\000e\000u\000t\000i\000l\000i\000z\000a\000c\000i\000\363\000n\000\040\000d\000e\000\040\000l\000a\000\040\000i\000n\000v\000e\000r\000s\000i\000\363\000n\000\040\000t\000e\000c\000n\000o\000l\000\363\000g\000i\000c\000a}{section.3.2}% 21
\BOOKMARK [2][-]{subsection.3.2.5}{\376\377\000C\000o\000n\000t\000i\000n\000u\000i\000d\000a\000d\000\040\000c\000l\000\355\000n\000i\000c\000a\000\040\000y\000\040\000p\000r\000e\000v\000e\000n\000c\000i\000\363\000n}{section.3.2}% 22
\BOOKMARK [1][-]{section.3.3}{\376\377\000A\000l\000c\000a\000n\000c\000e\000s\000\040\000y\000\040\000r\000e\000s\000t\000r\000i\000c\000c\000i\000o\000n\000e\000s}{chapter.3}% 23
\BOOKMARK [2][-]{subsection.3.3.1}{\376\377\000A\000l\000c\000a\000n\000c\000e\000s}{section.3.3}% 24
\BOOKMARK [2][-]{subsection.3.3.2}{\376\377\000R\000e\000s\000t\000r\000i\000c\000c\000i\000o\000n\000e\000s}{section.3.3}% 25
\BOOKMARK [1][-]{section.3.4}{\376\377\000O\000b\000j\000e\000t\000i\000v\000o\000\040\000g\000e\000n\000e\000r\000a\000l}{chapter.3}% 26
\BOOKMARK [1][-]{section.3.5}{\376\377\000O\000b\000j\000e\000t\000i\000v\000o\000s\000\040\000e\000s\000p\000e\000c\000\355\000f\000i\000c\000o\000s}{chapter.3}% 27
\BOOKMARK [0][-]{chapter.4}{\376\377\000D\000e\000s\000a\000r\000r\000o\000l\000l\000o\000\040\000d\000e\000l\000\040\000p\000r\000o\000y\000e\000c\000t\000o}{}% 28
\BOOKMARK [1][-]{section.4.1}{\376\377\000D\000e\000s\000a\000r\000r\000o\000l\000l\000o\000\040\000d\000e\000\040\000l\000a\000s\000\040\000e\000t\000a\000p\000a\000s}{chapter.4}% 29
\BOOKMARK [2][-]{subsection.4.1.1}{\376\377\000P\000r\000i\000m\000e\000r\000a\000\040\000e\000t\000a\000p\000a\000\040\000d\000e\000l\000\040\000p\000r\000o\000y\000e\000c\000t\000o}{section.4.1}% 30
\BOOKMARK [2][-]{subsection.4.1.2}{\376\377\000S\000e\000g\000u\000n\000d\000a\000\040\000e\000t\000a\000p\000a\000\040\000d\000e\000l\000\040\000p\000r\000o\000y\000e\000c\000t\000o}{section.4.1}% 31
\BOOKMARK [1][-]{section.4.2}{\376\377\000A\000n\000\341\000l\000i\000s\000i\000s\000\040\000d\000e\000\040\000l\000o\000s\000\040\000r\000e\000s\000u\000l\000t\000a\000d\000o\000s}{chapter.4}% 32
\BOOKMARK [0][-]{chapter.5}{\376\377\000C\000o\000n\000c\000l\000u\000s\000i\000o\000n\000e\000s}{}% 33
\BOOKMARK [0][-]{chapter*.26}{\376\377\000R\000E\000F\000E\000R\000E\000N\000C\000I\000A\000S\000\040\000Y\000\040\000B\000I\000B\000L\000I\000O\000G\000R\000A\000F\000\315\000A}{}% 34
\BOOKMARK [0][-]{chapter*.27}{\376\377\000A\000N\000E\000X\000O\000S}{}% 35
